// Jest Snapshot v1, https://goo.gl/fbAQLP

exports[`App should match snapshot 1`] = `
<DocumentFragment>
  <div
    class="App"
  >
    <div
      class="MuiPaper-root MuiTableContainer-root MuiPaper-elevation1 MuiPaper-rounded"
    >
      <table
        aria-label="caption table"
        class="MuiTable-root makeStyles-table-52"
      >
        <caption>
          Genes associated with lung carcinoma
        </caption>
        <thead
          class="MuiTableHead-root"
        >
          <tr
            class="MuiTableRow-root MuiTableRow-head"
            data-testid="title-tr"
          >
            <th
              class="MuiTableCell-root MuiTableCell-head"
              scope="col"
            />
            <th
              class="MuiTableCell-root MuiTableCell-head MuiTableCell-alignLeft"
              scope="col"
            >
              Symbol
            </th>
            <th
              class="MuiTableCell-root MuiTableCell-head MuiTableCell-alignLeft"
              scope="col"
            >
              Gene ID
            </th>
            <th
              class="MuiTableCell-root MuiTableCell-head MuiTableCell-alignLeft"
              scope="col"
            >
              Gene Name
            </th>
            <th
              class="MuiTableCell-root MuiTableCell-head MuiTableCell-alignLeft"
              scope="col"
            >
              Overall Association Score
            </th>
          </tr>
        </thead>
        <tbody
          class="MuiTableBody-root"
        />
      </table>
    </div>
  </div>
</DocumentFragment>
`;
