// Jest Snapshot v1, https://goo.gl/fbAQLP

exports[`Bar Chart should match snapshot 1`] = `
<DocumentFragment>
  <div
    style="height: 100%;"
  >
    <h4
      style="margin: 0px 0px 10px 0px; height: 10px;"
    />
    <svg
      style="width: 100%;"
    >
      <g
        transform="translate(60, 20)"
      >
        <g
          class="plot"
          clip-path="url(#clip)"
        >
          <g
            class="horizontal__grids"
            data-testid="h-grid"
            fill="none"
            font-family="sans-serif"
            font-size="10"
            text-anchor="end"
          >
            <path
              class="domain"
              d="M-110,-139.5H0.5V0.5H-110"
              stroke="currentColor"
            />
            <g
              class="tick"
              opacity="1"
              transform="translate(0,-139.5)"
            >
              <line
                stroke="currentColor"
                x2="-110"
              />
              <text
                dy="0.32em"
                fill="currentColor"
                x="-113"
              />
            </g>
            <g
              class="tick"
              opacity="1"
              transform="translate(0,-125.5)"
            >
              <line
                stroke="currentColor"
                x2="-110"
              />
              <text
                dy="0.32em"
                fill="currentColor"
                x="-113"
              />
            </g>
            <g
              class="tick"
              opacity="1"
              transform="translate(0,-111.5)"
            >
              <line
                stroke="currentColor"
                x2="-110"
              />
              <text
                dy="0.32em"
                fill="currentColor"
                x="-113"
              />
            </g>
            <g
              class="tick"
              opacity="1"
              transform="translate(0,-97.5)"
            >
              <line
                stroke="currentColor"
                x2="-110"
              />
              <text
                dy="0.32em"
                fill="currentColor"
                x="-113"
              />
            </g>
            <g
              class="tick"
              opacity="1"
              transform="translate(0,-83.5)"
            >
              <line
                stroke="currentColor"
                x2="-110"
              />
              <text
                dy="0.32em"
                fill="currentColor"
                x="-113"
              />
            </g>
            <g
              class="tick"
              opacity="1"
              transform="translate(0,-69.5)"
            >
              <line
                stroke="currentColor"
                x2="-110"
              />
              <text
                dy="0.32em"
                fill="currentColor"
                x="-113"
              />
            </g>
            <g
              class="tick"
              opacity="1"
              transform="translate(0,-55.5)"
            >
              <line
                stroke="currentColor"
                x2="-110"
              />
              <text
                dy="0.32em"
                fill="currentColor"
                x="-113"
              />
            </g>
            <g
              class="tick"
              opacity="1"
              transform="translate(0,-41.50000000000001)"
            >
              <line
                stroke="currentColor"
                x2="-110"
              />
              <text
                dy="0.32em"
                fill="currentColor"
                x="-113"
              />
            </g>
            <g
              class="tick"
              opacity="1"
              transform="translate(0,-27.499999999999993)"
            >
              <line
                stroke="currentColor"
                x2="-110"
              />
              <text
                dy="0.32em"
                fill="currentColor"
                x="-113"
              />
            </g>
            <g
              class="tick"
              opacity="1"
              transform="translate(0,-13.499999999999996)"
            >
              <line
                stroke="currentColor"
                x2="-110"
              />
              <text
                dy="0.32em"
                fill="currentColor"
                x="-113"
              />
            </g>
            <g
              class="tick"
              opacity="1"
              transform="translate(0,0.5)"
            >
              <line
                stroke="currentColor"
                x2="-110"
              />
              <text
                dy="0.32em"
                fill="currentColor"
                x="-113"
              />
            </g>
          </g>
          <rect
            class="area__plot"
            data-testid="bar"
            fill="#ec7d20"
            height="-45.689479253864704"
            width="12.222222222222221"
            x="-15.277777777777786"
            y="-94.3105207461353"
          />
          <rect
            class="area__plot"
            data-testid="bar"
            fill="#f4ac4a"
            height="-9.09412116723928"
            width="12.222222222222221"
            x="-30.555555555555557"
            y="-130.90587883276072"
          />
          <rect
            class="area__plot"
            data-testid="bar"
            fill="#f6d74a"
            height="-140"
            width="12.222222222222221"
            x="-45.833333333333336"
            y="0"
          />
          <rect
            class="area__plot"
            data-testid="bar"
            fill="#cedc7e"
            height="-140"
            width="12.222222222222221"
            x="-61.111111111111114"
            y="0"
          />
          <rect
            class="area__plot"
            data-testid="bar"
            fill="#83a45a"
            height="-140"
            width="12.222222222222221"
            x="-76.38888888888889"
            y="0"
          />
          <rect
            class="area__plot"
            data-testid="bar"
            fill="#16868b"
            height="0"
            width="12.222222222222221"
            x="-91.66666666666667"
            y="-140"
          />
          <rect
            class="area__plot"
            data-testid="bar"
            fill="#2c63a0"
            height="-140"
            width="12.222222222222221"
            x="-106.94444444444444"
            y="0"
          />
        </g>
        <g
          class="vertical__axis"
          fill="none"
          font-family="sans-serif"
          font-size="10"
          text-anchor="end"
        >
          <path
            class="domain"
            d="M-6,-139.5H0.5V0.5H-6"
            stroke="currentColor"
          />
          <g
            class="tick"
            opacity="1"
            transform="translate(0,-139.5)"
          >
            <line
              stroke="currentColor"
              x2="-6"
            />
            <text
              dy="0.32em"
              fill="currentColor"
              x="-9"
            >
              0.0
            </text>
          </g>
          <g
            class="tick"
            opacity="1"
            transform="translate(0,-125.5)"
          >
            <line
              stroke="currentColor"
              x2="-6"
            />
            <text
              dy="0.32em"
              fill="currentColor"
              x="-9"
            >
              0.1
            </text>
          </g>
          <g
            class="tick"
            opacity="1"
            transform="translate(0,-111.5)"
          >
            <line
              stroke="currentColor"
              x2="-6"
            />
            <text
              dy="0.32em"
              fill="currentColor"
              x="-9"
            >
              0.2
            </text>
          </g>
          <g
            class="tick"
            opacity="1"
            transform="translate(0,-97.5)"
          >
            <line
              stroke="currentColor"
              x2="-6"
            />
            <text
              dy="0.32em"
              fill="currentColor"
              x="-9"
            >
              0.3
            </text>
          </g>
          <g
            class="tick"
            opacity="1"
            transform="translate(0,-83.5)"
          >
            <line
              stroke="currentColor"
              x2="-6"
            />
            <text
              dy="0.32em"
              fill="currentColor"
              x="-9"
            >
              0.4
            </text>
          </g>
          <g
            class="tick"
            opacity="1"
            transform="translate(0,-69.5)"
          >
            <line
              stroke="currentColor"
              x2="-6"
            />
            <text
              dy="0.32em"
              fill="currentColor"
              x="-9"
            >
              0.5
            </text>
          </g>
          <g
            class="tick"
            opacity="1"
            transform="translate(0,-55.5)"
          >
            <line
              stroke="currentColor"
              x2="-6"
            />
            <text
              dy="0.32em"
              fill="currentColor"
              x="-9"
            >
              0.6
            </text>
          </g>
          <g
            class="tick"
            opacity="1"
            transform="translate(0,-41.50000000000001)"
          >
            <line
              stroke="currentColor"
              x2="-6"
            />
            <text
              dy="0.32em"
              fill="currentColor"
              x="-9"
            >
              0.7
            </text>
          </g>
          <g
            class="tick"
            opacity="1"
            transform="translate(0,-27.499999999999993)"
          >
            <line
              stroke="currentColor"
              x2="-6"
            />
            <text
              dy="0.32em"
              fill="currentColor"
              x="-9"
            >
              0.8
            </text>
          </g>
          <g
            class="tick"
            opacity="1"
            transform="translate(0,-13.499999999999996)"
          >
            <line
              stroke="currentColor"
              x2="-6"
            />
            <text
              dy="0.32em"
              fill="currentColor"
              x="-9"
            >
              0.9
            </text>
          </g>
          <g
            class="tick"
            opacity="1"
            transform="translate(0,0.5)"
          >
            <line
              stroke="currentColor"
              x2="-6"
            />
            <text
              dy="0.32em"
              fill="currentColor"
              x="-9"
            >
              1.0
            </text>
          </g>
        </g>
        <g
          class="horizontal__axis"
          fill="none"
          font-family="sans-serif"
          font-size="10"
          text-anchor="middle"
          transform="translate(0,-140)"
        >
          <path
            class="domain"
            d="M0.5,6V0.5H-109.5V6"
            stroke="currentColor"
          />
          <g
            class="tick"
            opacity="1"
            transform="translate(-9.166666666666675,0)"
          >
            <line
              stroke="currentColor"
              y2="6"
            />
            <text
              dx="-10"
              dy="0.71em"
              fill="currentColor"
              style="text-anchor: end;"
              transform="rotate(-45)"
              y="0"
            >
              Literature
            </text>
          </g>
          <g
            class="tick"
            opacity="1"
            transform="translate(-24.444444444444446,0)"
          >
            <line
              stroke="currentColor"
              y2="6"
            />
            <text
              dx="-10"
              dy="0.71em"
              fill="currentColor"
              style="text-anchor: end;"
              transform="rotate(-45)"
              y="0"
            >
              RNA Expression
            </text>
          </g>
          <g
            class="tick"
            opacity="1"
            transform="translate(-39.72222222222223,0)"
          >
            <line
              stroke="currentColor"
              y2="6"
            />
            <text
              dx="-10"
              dy="0.71em"
              fill="currentColor"
              style="text-anchor: end;"
              transform="rotate(-45)"
              y="0"
            >
              Genetic Association
            </text>
          </g>
          <g
            class="tick"
            opacity="1"
            transform="translate(-55,0)"
          >
            <line
              stroke="currentColor"
              y2="6"
            />
            <text
              dx="-10"
              dy="0.71em"
              fill="currentColor"
              style="text-anchor: end;"
              transform="rotate(-45)"
              y="0"
            >
              Somatic Mutation
            </text>
          </g>
          <g
            class="tick"
            opacity="1"
            transform="translate(-70.27777777777777,0)"
          >
            <line
              stroke="currentColor"
              y2="6"
            />
            <text
              dx="-10"
              dy="0.71em"
              fill="currentColor"
              style="text-anchor: end;"
              transform="rotate(-45)"
              y="0"
            >
              Known Drug
            </text>
          </g>
          <g
            class="tick"
            opacity="1"
            transform="translate(-85.55555555555556,0)"
          >
            <line
              stroke="currentColor"
              y2="6"
            />
            <text
              dx="-10"
              dy="0.71em"
              fill="currentColor"
              style="text-anchor: end;"
              transform="rotate(-45)"
              y="0"
            >
              Animal Model
            </text>
          </g>
          <g
            class="tick"
            opacity="1"
            transform="translate(-100.83333333333333,0)"
          >
            <line
              stroke="currentColor"
              y2="6"
            />
            <text
              dx="-10"
              dy="0.71em"
              fill="currentColor"
              style="text-anchor: end;"
              transform="rotate(-45)"
              y="0"
            >
              Affected Pathway
            </text>
          </g>
        </g>
        <g
          transform="rotate(-90)"
        >
          <text
            data-testid="y-label"
            fill="#412960"
            style="text-anchor: middle;"
            x="70"
            y="-40"
          >
            Score
          </text>
        </g>
        <g>
          <text
            data-testid="x-label"
            fill="#412960"
            style="text-anchor: middle;"
            x="-75"
            y="-50"
          >
            Data Type
          </text>
        </g>
      </g>
      <defs>
        <clippath
          data-testid="clip"
          id="clip"
        >
          <rect
            height="-140"
            width="-110"
            x="0"
            y="0"
          />
        </clippath>
      </defs>
    </svg>
  </div>
</DocumentFragment>
`;
